// Jest Snapshot v1, https://goo.gl/fbAQLP

exports[`Header component Header snapshot test should render correctly 1`] = `
<View
  style={
    Object {
      "flexDirection": "column",
      "height": 140,
      "justifyContent": "space-between",
      "paddingBottom": 24,
    }
  }
>
  <View
    style={
      Object {
        "flexDirection": "row",
        "justifyContent": "space-between",
      }
    }
  >
    <View
      style={
        Object {
          "flex": 1,
          "marginRight": "auto",
        }
      }
    >
      <View
        style={
          Object {
            "flex": 1,
            "height": 64,
          }
        }
      >
        <View
          style={
            Object {
              "backgroundColor": "white",
              "height": 32,
            }
          }
        />
        <View
          style={
            Object {
              "alignItems": "center",
              "backgroundColor": "white",
              "flex": 1,
              "flexDirection": "row",
              "height": 32,
              "justifyContent": "flex-start",
            }
          }
        >
          <View
            style={
              Array [
                Object {
                  "borderRadius": 100,
                  "height": 32,
                  "marginLeft": 1,
                  "padding": 3,
                  "width": 32,
                },
                Object {
                  "backgroundColor": undefined,
                },
              ]
            }
          >
            <Image
              source={
                Object {
                  "uri": "asd",
                }
              }
              style={
                Object {
                  "backgroundColor": "#C6CDD2",
                  "borderRadius": 100,
                  "height": 26,
                  "marginRight": 4,
                  "width": 26,
                }
              }
            />
          </View>
          <View
            style={
              Object {
                "marginLeft": 12,
              }
            }
          >
            <Text
              style={
                Array [
                  Object {
                    "color": "#04142F",
                    "fontFamily": "Roboto-Medium",
                    "fontSize": 24,
                    "lineHeight": 32,
                  },
                  Object {
                    "color": "#04142F",
                  },
                ]
              }
            />
          </View>
          <View
            style={
              Object {
                "backgroundColor": "#8A94A6",
                "borderRadius": 16,
                "height": 8,
                "marginHorizontal": 8,
                "width": 8,
              }
            }
          />
          <Text
            style={
              Array [
                Object {
                  "color": "#04142F",
                  "fontFamily": "Roboto-Medium",
                  "fontSize": 24,
                  "lineHeight": 32,
                },
              ]
            }
          >
            Build a Stairway To Heaven
          </Text>
        </View>
      </View>
    </View>
    <View>
      <View>
        <View
          style={
            Object {
              "alignItems": "center",
              "backgroundColor": "white",
              "flexDirection": "row",
              "justifyContent": "center",
              "marginTop": 36,
            }
          }
        >
          <Text
            style={
              Array [
                Object {
                  "fontFamily": "Roboto-Medium",
                  "fontSize": 16,
                  "letterSpacing": 0.16,
                  "lineHeight": 24,
                },
                Object {
                  "color": "#8A94A6",
                },
              ]
            }
          >
            PEOPLE
          </Text>
          <View
            style={
              Object {
                "marginLeft": 14,
              }
            }
          >
            <View>
              <Text
                style={
                  Object {
                    "color": "#8A94A6",
                    "fontFamily": "alldone",
                    "fontSize": 20,
                    "opacity": 1,
                  }
                }
              >
                î¨¥
              </Text>
            </View>
          </View>
        </View>
      </View>
    </View>
  </View>
  <View
    style={
      Object {
        "flexDirection": "row",
      }
    }
  />
</View>
`;
