// Jest Snapshot v1, https://goo.gl/fbAQLP

exports[`WorkflowStep component WorkflowStep snapshot test should render correctly 1`] = `
<View
  style={
    Object {
      "alignItems": "center",
      "borderColor": "#A3D1FF",
      "borderRadius": 4,
      "borderWidth": 1,
      "flexDirection": "row",
      "height": 64,
      "marginBottom": 16,
      "paddingLeft": 5,
      "paddingRight": 8,
    }
  }
>
  <View
    style={
      Object {
        "alignItems": "center",
        "backgroundColor": "#5AACFF",
        "borderRadius": 2,
        "height": 54,
        "justifyContent": "center",
        "width": 28,
      }
    }
  >
    <Text
      style={
        Array [
          Object {
            "fontFamily": "Roboto-Medium",
            "fontSize": 16,
            "letterSpacing": 0.16,
            "lineHeight": 24,
          },
          Object {
            "color": "white",
          },
        ]
      }
    >
      1
    </Text>
  </View>
  <View
    style={
      Object {
        "flexDirection": "column",
        "marginLeft": 7,
      }
    }
  >
    <Text
      style={
        Array [
          Object {
            "color": "#04142F",
            "fontFamily": "Roboto-Regular",
            "fontSize": 16,
            "letterSpacing": 0.32,
            "lineHeight": 24,
          },
          Object {
            "color": "#04142F",
          },
        ]
      }
    >
      a
    </Text>
    <Text
      style={
        Array [
          Object {
            "color": "#04142F",
            "fontFamily": "Roboto-Regular",
            "fontSize": 12,
            "letterSpacing": 0.48,
            "lineHeight": 20,
          },
          Object {
            "color": "#8A94A6",
          },
        ]
      }
    >
      Step added by b, 22.04.2019
    </Text>
  </View>
  <View
    style={
      Object {
        "alignItems": "center",
        "borderLeftColor": "#F1F3F4",
        "borderLeftWidth": 1,
        "flexDirection": "row",
        "height": 24,
        "marginLeft": "auto",
        "paddingLeft": 12,
      }
    }
  >
    <Text
      style={
        Array [
          Object {
            "color": "#04142F",
            "fontFamily": "Roboto-Regular",
            "fontSize": 14,
            "letterSpacing": 0.32,
            "lineHeight": 22,
          },
          Object {
            "color": "#4E5D78",
          },
        ]
      }
    >
      Send to :
    </Text>
    <View
      style={
        Object {
          "marginLeft": 12,
        }
      }
    >
      <View>
        <Text
          style={
            Object {
              "alignItems": "center",
              "display": "flex",
            }
          }
        >
          <View
            style={
              Array [
                Object {
                  "alignItems": "center",
                  "backgroundColor": "#E7ECEF",
                  "borderRadius": 12,
                  "flexDirection": "row",
                  "height": 24,
                  "paddingLeft": 2,
                  "paddingRight": 10,
                },
                false,
              ]
            }
          >
            <Image
              source={
                Object {
                  "uri": undefined,
                }
              }
              style={
                Object {
                  "borderRadius": 100,
                  "height": 20,
                  "width": 20,
                }
              }
            />
            <View
              style={
                Object {
                  "paddingLeft": 4,
                }
              }
            >
              <Text
                style={
                  Array [
                    Object {
                      "color": "#04142F",
                      "fontFamily": "Roboto-Medium",
                      "fontSize": 14,
                      "letterSpacing": 0.16,
                      "lineHeight": 22,
                    },
                    Object {
                      "color": "#8A94A6",
                    },
                  ]
                }
              >
                c
              </Text>
            </View>
          </View>
        </Text>
      </View>
    </View>
  </View>
</View>
`;
