// Jest Snapshot v1, https://goo.gl/fbAQLP

exports[`WorkflowUserItem component WorkflowUserItem snapshot test should render correctly 1`] = `
<View
  accessible={true}
  focusable={true}
  isTVSelectable={true}
  onClick={[Function]}
  onResponderGrant={[Function]}
  onResponderMove={[Function]}
  onResponderRelease={[Function]}
  onResponderTerminate={[Function]}
  onResponderTerminationRequest={[Function]}
  onStartShouldSetResponder={[Function]}
  style={
    Object {
      "alignItems": "center",
      "flex": 1,
      "flexDirection": "row",
      "opacity": 1,
      "padding": 8,
    }
  }
>
  <View
    style={
      Object {
        "alignItems": "center",
        "flexDirection": "row",
      }
    }
  >
    <Image
      source={
        Object {
          "uri": "a",
        }
      }
      style={
        Object {
          "borderRadius": 100,
          "height": 32,
          "marginRight": 8,
          "width": 32,
        }
      }
    />
    <Text
      style={
        Array [
          Object {
            "fontFamily": "Roboto-Medium",
            "fontSize": 16,
            "letterSpacing": 0.16,
            "lineHeight": 24,
          },
          Object {
            "color": "white",
          },
        ]
      }
    >
      asd
    </Text>
  </View>
  <View
    style={
      Object {
        "marginLeft": "auto",
        "opacity": 0,
      }
    }
  >
    <View>
      <Text
        style={
          Object {
            "color": "white",
            "fontFamily": "alldone",
            "fontSize": 24,
            "opacity": 1,
          }
        }
      >
        юдн
      </Text>
    </View>
  </View>
</View>
`;
