// Jest Snapshot v1, https://goo.gl/fbAQLP

exports[`ContactDetailedView component should render correctly 1`] = `
<View
  style={
    Object {
      "backgroundColor": "white",
      "flex": 1,
      "flexDirection": "row",
    }
  }
>
  <View
    style={
      Object {
        "flex": 1,
      }
    }
  >
    <View
      style={
        Object {
          "left": 0,
          "position": "absolute",
          "top": 0,
          "zIndex": 100,
        }
      }
    >
      <RNGestureHandlerButton
        collapsable={false}
        onGestureEvent={[Function]}
        onGestureHandlerEvent={[Function]}
        onGestureHandlerStateChange={[Function]}
        onHandlerStateChange={[Function]}
        rippleColor={0}
        style={
          Array [
            Object {
              "overflow": "hidden",
            },
            undefined,
          ]
        }
      >
        <View
          accessible={true}
          style={
            Object {
              "height": 64,
              "opacity": 1,
              "width": 57,
            }
          }
        >
          <View
            style={
              Object {
                "backgroundColor": "white",
                "height": 32,
                "width": 57,
              }
            }
          />
          <View
            style={
              Object {
                "alignItems": "center",
                "backgroundColor": "white",
                "borderRightColor": "#E7ECEF",
                "borderRightWidth": 1,
                "flexDirection": "column",
                "height": 32,
                "justifyContent": "center",
                "width": 57,
              }
            }
          >
            <View>
              <Text
                style={
                  Object {
                    "color": "#8A94A6",
                    "fontFamily": "alldone",
                    "fontSize": 24,
                    "opacity": 1,
                  }
                }
              >
                Ó§ê
              </Text>
            </View>
          </View>
        </View>
      </RNGestureHandlerButton>
    </View>
    <RCTScrollView
      style={
        Array [
          Object {
            "backgroundColor": "white",
            "flex": 1,
            "flexDirection": "column",
            "paddingHorizontal": 72,
          },
          undefined,
        ]
      }
    >
      <View>
        <View
          style={
            Object {
              "backgroundColor": "white",
              "flex": 1,
              "flexDirection": "column",
            }
          }
        >
          <View
            style={
              Object {
                "flex": 1,
              }
            }
          >
            <View>
              <View
                onLayout={[Function]}
                style={
                  Array [
                    Object {
                      "alignItems": "flex-end",
                      "borderBottomColor": "#0A44A5",
                      "borderBottomWidth": 1,
                      "flexDirection": "row",
                      "height": 64,
                      "justifyContent": "space-between",
                      "overflow": "hidden",
                    },
                    undefined,
                    undefined,
                  ]
                }
              >
                <View
                  onMoveShouldSetResponder={[Function]}
                  onMoveShouldSetResponderCapture={[Function]}
                  onResponderEnd={[Function]}
                  onResponderGrant={[Function]}
                  onResponderMove={[Function]}
                  onResponderReject={[Function]}
                  onResponderRelease={[Function]}
                  onResponderStart={[Function]}
                  onResponderTerminate={[Function]}
                  onResponderTerminationRequest={[Function]}
                  onStartShouldSetResponder={[Function]}
                  onStartShouldSetResponderCapture={[Function]}
                  style={
                    Object {
                      "alignItems": "flex-end",
                      "flexDirection": "row",
                      "transform": Array [
                        Object {
                          "translateX": 0,
                        },
                        Object {
                          "translateY": 0,
                        },
                      ],
                    }
                  }
                >
                  <View>
                    <View
                      accessible={true}
                      focusable={true}
                      isTVSelectable={true}
                      onClick={[Function]}
                      onResponderGrant={[Function]}
                      onResponderMove={[Function]}
                      onResponderRelease={[Function]}
                      onResponderTerminate={[Function]}
                      onResponderTerminationRequest={[Function]}
                      onStartShouldSetResponder={[Function]}
                      style={
                        Object {
                          "flex": 1,
                          "flexDirection": "column",
                          "marginRight": 12,
                          "opacity": 1,
                        }
                      }
                    >
                      <View
                        style={
                          Array [
                            Object {
                              "flexDirection": "row",
                            },
                            undefined,
                            Object {
                              "alignItems": "center",
                              "height": 44,
                              "justifyContent": "center",
                              "marginLeft": 32,
                              "marginRight": 32,
                            },
                          ]
                        }
                      >
                        <Text
                          style={
                            Array [
                              Object {
                                "color": "#04142F",
                                "fontFamily": "Roboto-Medium",
                                "fontSize": 14,
                                "letterSpacing": 0.16,
                                "lineHeight": 22,
                              },
                              Object {
                                "color": "#0A44A5",
                              },
                            ]
                          }
                        >
                          Properties
                        </Text>
                      </View>
                      <View
                        style={
                          Array [
                            Object {
                              "backgroundColor": "transparent",
                              "height": 4,
                              "width": "100%",
                            },
                            Object {
                              "backgroundColor": "#0A44A5",
                            },
                          ]
                        }
                      />
                    </View>
                  </View>
                </View>
              </View>
            </View>
          </View>
        </View>
      </View>
    </RCTScrollView>
  </View>
</View>
`;
