// Jest Snapshot v1, https://goo.gl/fbAQLP

exports[`WorkflowEstimation component should render correctly 1`] = `
<View>
  <View
    style={
      Object {
        "alignItems": "flex-end",
        "flexDirection": "row",
        "height": 72,
        "paddingBottom": 12,
        "paddingTop": 32,
      }
    }
  >
    <Text
      style={
        Array [
          Object {
            "color": "#04142F",
            "fontFamily": "Roboto-Medium",
            "fontSize": 20,
            "lineHeight": 28,
          },
          Object {
            "color": "#04142F",
          },
        ]
      }
    >
      Estimations
    </Text>
    <Text
      style={
        Array [
          Object {
            "color": "#04142F",
            "fontFamily": "Roboto-Regular",
            "fontSize": 12,
            "letterSpacing": 0.48,
            "lineHeight": 20,
          },
          Object {
            "color": "#4E5D78",
            "height": 20,
            "marginLeft": 16,
          },
        ]
      }
    >
      4 steps
    </Text>
  </View>
  <View
    style={
      Object {
        "flexDirection": "row",
        "marginBottom": 12,
        "marginTop": 8,
      }
    }
  >
    <View>
      <Text
        style={
          Object {
            "color": "#8A94A6",
            "fontFamily": "alldone",
            "fontSize": 16,
            "opacity": 1,
          }
        }
      >
        
      </Text>
    </View>
    <Text
      style={
        Array [
          Object {
            "color": "#04142F",
            "fontFamily": "Roboto-Regular",
            "fontSize": 12,
            "letterSpacing": 0.48,
            "lineHeight": 20,
          },
          Object {
            "color": "#8A94A6",
            "marginLeft": 8,
            "marginTop": -2,
            "maxWidth": 1000,
          },
        ]
      }
    >
      Here you can estimate each workflow step and choose to which step the task will move. Follow this 
      <View
        accessible={true}
        focusable={true}
        isTVSelectable={true}
        onClick={[Function]}
        onResponderGrant={[Function]}
        onResponderMove={[Function]}
        onResponderRelease={[Function]}
        onResponderTerminate={[Function]}
        onResponderTerminationRequest={[Function]}
        onStartShouldSetResponder={[Function]}
        style={
          Object {
            "opacity": 1,
          }
        }
      >
        <Text
          style={
            Array [
              Object {
                "color": "#04142F",
                "fontFamily": "Roboto-Regular",
                "fontSize": 12,
                "letterSpacing": 0.48,
                "lineHeight": 20,
              },
              Object {
                "color": "#5AACFF",
                "textDecorationLine": "underline",
              },
            ]
          }
        >
          Link
        </Text>
      </View>
       
      if you want to edit  workflow steps for undefined project
    </Text>
  </View>
  <View>
    <View
      accessible={true}
      focusable={true}
      isTVSelectable={true}
      onClick={[Function]}
      onResponderGrant={[Function]}
      onResponderMove={[Function]}
      onResponderRelease={[Function]}
      onResponderTerminate={[Function]}
      onResponderTerminationRequest={[Function]}
      onStartShouldSetResponder={[Function]}
      style={
        Object {
          "alignItems": "center",
          "borderColor": "#E7ECEF",
          "borderRadius": 4,
          "borderWidth": 1,
          "flexDirection": "row",
          "height": 56,
          "opacity": 1,
          "paddingLeft": 10,
        }
      }
    >
      <View>
        <Text
          style={
            Object {
              "color": "#C6CDD2",
              "fontFamily": "alldone",
              "fontSize": 24,
              "opacity": 1,
            }
          }
        >
          
        </Text>
      </View>
      <View
        style={
          Object {
            "marginLeft": 8,
          }
        }
      >
        <Text
          style={
            Array [
              Object {
                "color": "#04142F",
                "fontFamily": "Roboto-Medium",
                "fontSize": 14,
                "letterSpacing": 0.16,
                "lineHeight": 22,
              },
              Object {
                "color": "#4E5D78",
              },
            ]
          }
        >
          Open task
        </Text>
      </View>
      <View
        style={
          Object {
            "marginLeft": "auto",
            "paddingRight": 8,
          }
        }
      >
        <View
          accessible={true}
          focusable={true}
          isTVSelectable={true}
          onClick={[Function]}
          onResponderGrant={[Function]}
          onResponderMove={[Function]}
          onResponderRelease={[Function]}
          onResponderTerminate={[Function]}
          onResponderTerminationRequest={[Function]}
          onStartShouldSetResponder={[Function]}
          style={
            Object {
              "alignItems": "center",
              "alignSelf": "flex-start",
              "backgroundColor": "transparent",
              "borderColor": "#C6CDD2",
              "borderRadius": 4,
              "borderStyle": "solid",
              "borderWidth": 1,
              "flexDirection": "row",
              "flexWrap": "nowrap",
              "height": 40,
              "justifyContent": "center",
              "maxHeight": 40,
              "minHeight": 40,
              "opacity": 1,
              "paddingLeft": 12,
              "paddingRight": 16,
              "paddingVertical": 8,
            }
          }
        >
          <View>
            <Text
              style={
                Object {
                  "color": "#8A94A6",
                  "fontFamily": "alldone",
                  "fontSize": 24,
                  "opacity": 1,
                }
              }
            >
              
            </Text>
          </View>
          <Text
            numberOfLines={1}
            style={
              Array [
                Array [
                  Object {
                    "alignSelf": "center",
                    "color": "#FFFFFF",
                    "flexWrap": "nowrap",
                    "fontFamily": "Roboto-Medium",
                    "fontSize": 14,
                    "letterSpacing": 0.8,
                    "lineHeight": 16,
                    "margin": 0,
                    "paddingHorizontal": 0,
                    "paddingVertical": 0,
                  },
                  Object {
                    "color": "#8A94A6",
                  },
                  Object {},
                ],
                Object {
                  "marginLeft": 12,
                },
              ]
            }
          >
            Points
          </Text>
        </View>
      </View>
    </View>
  </View>
  <View
    style={
      Object {
        "flexDirection": "column",
        "marginTop": 16,
      }
    }
  />
  <View
    accessible={true}
    focusable={true}
    isTVSelectable={true}
    onClick={[Function]}
    onResponderGrant={[Function]}
    onResponderMove={[Function]}
    onResponderRelease={[Function]}
    onResponderTerminate={[Function]}
    onResponderTerminationRequest={[Function]}
    onStartShouldSetResponder={[Function]}
    style={
      Object {
        "alignItems": "center",
        "backgroundColor": "#EBF5FF",
        "borderColor": "#E7ECEF",
        "borderRadius": 4,
        "borderWidth": 1,
        "flexDirection": "row",
        "height": 56,
        "opacity": 1,
        "paddingLeft": 10,
      }
    }
  >
    <View>
      <Text
        style={
          Object {
            "color": "#C6CDD2",
            "fontFamily": "alldone",
            "fontSize": 24,
            "opacity": 1,
          }
        }
      >
        
      </Text>
    </View>
    <View
      style={
        Object {
          "marginLeft": 8,
        }
      }
    >
      <Text
        style={
          Array [
            Object {
              "color": "#04142F",
              "fontFamily": "Roboto-Medium",
              "fontSize": 14,
              "letterSpacing": 0.16,
              "lineHeight": 22,
            },
            Object {
              "color": "#4E5D78",
            },
          ]
        }
      >
        Done task
      </Text>
    </View>
  </View>
</View>
`;
