// Jest Snapshot v1, https://goo.gl/fbAQLP

exports[`NotificationModalOptional component NotificationModalOptional snapshot test should render correctly 1`] = `null`;
