// Jest Snapshot v1, https://goo.gl/fbAQLP

exports[`CreatedBy component CreatedBy snapshot test should render correctly 1`] = `
<View
  style={
    Object {
      "alignItems": "center",
      "flex": 1,
      "flexDirection": "row",
      "maxHeight": 56,
      "paddingLeft": 11,
      "paddingVertical": 8,
    }
  }
>
  <View
    style={
      Object {
        "marginRight": 11,
      }
    }
  >
    <View>
      <Text
        style={
          Object {
            "color": "#8A94A6",
            "fontFamily": "alldone",
            "fontSize": 20,
            "opacity": 1,
          }
        }
      >
        î¨¥
      </Text>
    </View>
  </View>
  <Text
    style={
      Array [
        Object {
          "color": "#04142F",
          "fontFamily": "Roboto-Medium",
          "fontSize": 14,
          "letterSpacing": 0.16,
          "lineHeight": 22,
        },
        Object {
          "color": "#8A94A6",
        },
      ]
    }
  >
    Created by
  </Text>
  <View
    style={
      Object {
        "marginLeft": "auto",
      }
    }
  >
    <View
      style={
        Object {
          "alignItems": "center",
          "flex": 1,
          "flexDirection": "row",
          "paddingLeft": 11,
          "paddingVertical": 8,
        }
      }
    >
      <View
        style={
          Object {
            "flex": 1,
            "marginRight": 12,
          }
        }
      >
        <Image
          source={
            Object {
              "uri": "https://",
            }
          }
          style={
            Object {
              "borderRadius": 100,
              "height": 40,
              "width": 40,
            }
          }
        />
      </View>
      <View
        style={
          Object {
            "flexDirection": "column",
          }
        }
      >
        <Text
          style={
            Array [
              Object {
                "color": "#04142F",
                "fontFamily": "Roboto-Regular",
                "fontSize": 16,
                "letterSpacing": 0.32,
                "lineHeight": 24,
              },
              Object {
                "color": "#04142F",
              },
            ]
          }
        >
          Master Yoda
        </Text>
        <Text
          style={
            Array [
              Object {
                "color": "#04142F",
                "fontFamily": "Roboto-Regular",
                "fontSize": 12,
                "letterSpacing": 0.48,
                "lineHeight": 20,
              },
              Object {
                "color": "#8A94A6",
              },
            ]
          }
        >
          on the 01/07/1970
        </Text>
      </View>
    </View>
  </View>
</View>
`;
