// Jest Snapshot v1, https://goo.gl/fbAQLP

exports[`SelectProjectModal component SelectRecurrenceModal snapshot test should render correctly 1`] = `null`;
