// Jest Snapshot v1, https://goo.gl/fbAQLP

exports[`HintOverlay component HintOverlay snapshot test should render correctly 1`] = `
<View
  style={
    Object {
      "alignItems": "center",
      "backgroundColor": "white",
      "borderRadius": 100,
      "height": 12,
      "justifyContent": "center",
      "width": 12,
    }
  }
>
  <View
    style={
      Object {
        "backgroundColor": "#E00000",
        "height": 8,
        "width": 8,
      }
    }
  />
</View>
`;
