// Jest Snapshot v1, https://goo.gl/fbAQLP

exports[`WorkflowSelection should render correctly 1`] = `
<View
  style={
    Object {
      "backgroundColor": "#091540",
      "borderRadius": 4,
      "width": 305,
    }
  }
>
  <View
    style={
      Object {
        "flexDirection": "row",
        "paddingLeft": 16,
        "paddingRight": 8,
        "paddingTop": 8,
      }
    }
  >
    <View
      style={
        Object {
          "flexDirection": "column",
          "marginTop": 8,
        }
      }
    >
      <Text
        style={
          Array [
            Object {
              "color": "#04142F",
              "fontFamily": "Roboto-Medium",
              "fontSize": 18,
              "lineHeight": 26,
            },
            Object {
              "color": "white",
            },
          ]
        }
      >
        Next Workflow step
      </Text>
      <Text
        style={
          Array [
            Object {
              "color": "#04142F",
              "fontFamily": "Roboto-Regular",
              "fontSize": 14,
              "letterSpacing": 0.32,
              "lineHeight": 22,
            },
            Object {
              "color": "#8A94A6",
              "width": 273,
            },
          ]
        }
      >
        Choose a workflow step to move the task. Next step in order is selectedNextStep by default
      </Text>
    </View>
  </View>
  <View
    style={
      Object {
        "borderBottomColor": "rgba(255,255,255,0.2)",
        "borderBottomWidth": 1,
        "marginBottom": 2,
        "marginTop": 28,
        "paddingHorizontal": 16,
      }
    }
  >
    <View
      accessible={true}
      focusable={true}
      isTVSelectable={true}
      onClick={[Function]}
      onResponderGrant={[Function]}
      onResponderMove={[Function]}
      onResponderRelease={[Function]}
      onResponderTerminate={[Function]}
      onResponderTerminationRequest={[Function]}
      onStartShouldSetResponder={[Function]}
      style={
        Object {
          "alignItems": "center",
          "flexDirection": "row",
          "height": 40,
          "justifyContent": "space-between",
          "opacity": 1,
          "paddingBottom": 8,
        }
      }
    >
      <View
        style={
          Object {
            "alignItems": "center",
            "flexDirection": "row",
          }
        }
      >
        <View>
          <Text
            style={
              Object {
                "color": "white",
                "fontFamily": "alldone",
                "fontSize": 23,
                "opacity": 1,
              }
            }
          >
            
          </Text>
        </View>
        <Text
          style={
            Array [
              Object {
                "fontFamily": "Roboto-Medium",
                "fontSize": 16,
                "letterSpacing": 0.16,
                "lineHeight": 24,
              },
              Object {
                "marginLeft": 10,
              },
              Object {
                "color": "white",
              },
            ]
          }
        >
          Open
        </Text>
      </View>
    </View>
    <View
      accessible={true}
      focusable={true}
      isTVSelectable={true}
      onClick={[Function]}
      onResponderGrant={[Function]}
      onResponderMove={[Function]}
      onResponderRelease={[Function]}
      onResponderTerminate={[Function]}
      onResponderTerminationRequest={[Function]}
      onStartShouldSetResponder={[Function]}
      style={
        Object {
          "alignItems": "center",
          "flexDirection": "row",
          "height": 40,
          "justifyContent": "space-between",
          "opacity": 1,
          "paddingBottom": 8,
        }
      }
    >
      <View
        style={
          Object {
            "alignItems": "center",
            "flexDirection": "row",
          }
        }
      >
        <View>
          <Text
            style={
              Object {
                "color": "white",
                "fontFamily": "alldone",
                "fontSize": 23,
                "opacity": 1,
              }
            }
          >
            
          </Text>
        </View>
        <Text
          style={
            Array [
              Object {
                "fontFamily": "Roboto-Medium",
                "fontSize": 16,
                "letterSpacing": 0.16,
                "lineHeight": 24,
              },
              Object {
                "marginLeft": 10,
              },
              Object {
                "color": "white",
              },
            ]
          }
        >
          Done
        </Text>
      </View>
    </View>
  </View>
  <View
    accessible={true}
    focusable={false}
    isTVSelectable={true}
    onClick={[Function]}
    onResponderGrant={[Function]}
    onResponderMove={[Function]}
    onResponderRelease={[Function]}
    onResponderTerminate={[Function]}
    onResponderTerminationRequest={[Function]}
    onStartShouldSetResponder={[Function]}
    style={
      Object {
        "flexDirection": "row",
        "opacity": 1,
        "paddingLeft": 16,
        "paddingVertical": 16,
      }
    }
  >
    <View>
      <Text
        style={
          Object {
            "color": "#8A94A6",
            "fontFamily": "alldone",
            "fontSize": 24,
            "opacity": 1,
          }
        }
      >
        
      </Text>
    </View>
    <Text
      style={
        Array [
          Object {
            "fontFamily": "Roboto-Medium",
            "fontSize": 16,
            "letterSpacing": 0.16,
            "lineHeight": 24,
          },
          Object {
            "color": "#FFFFFF",
            "fontWeight": "500",
            "marginLeft": 8,
          },
        ]
      }
    >
      Back
    </Text>
  </View>
  <View
    style={
      Object {
        "position": "absolute",
        "right": 13,
        "top": 13,
      }
    }
  >
    <View
      accessible={true}
      focusable={false}
      isTVSelectable={true}
      onClick={[Function]}
      onResponderGrant={[Function]}
      onResponderMove={[Function]}
      onResponderRelease={[Function]}
      onResponderTerminate={[Function]}
      onResponderTerminationRequest={[Function]}
      onStartShouldSetResponder={[Function]}
      style={
        Object {
          "alignItems": "center",
          "justifyContent": "center",
          "opacity": 1,
        }
      }
    >
      <View>
        <Text
          style={
            Object {
              "color": "#8A94A6",
              "fontFamily": "alldone",
              "fontSize": 24,
              "opacity": 1,
            }
          }
        >
          
        </Text>
      </View>
    </View>
  </View>
</View>
`;
