// Jest Snapshot v1, https://goo.gl/fbAQLP

exports[`AllProjects component AllProjects empty snapshot test should render correctly 1`] = `
<View
  accessible={true}
  focusable={true}
  isTVSelectable={true}
  onClick={[Function]}
  onResponderGrant={[Function]}
  onResponderMove={[Function]}
  onResponderRelease={[Function]}
  onResponderTerminate={[Function]}
  onResponderTerminationRequest={[Function]}
  onStartShouldSetResponder={[Function]}
  style={
    Object {
      "alignItems": "center",
      "backgroundColor": "#0A44A5",
      "flexDirection": "row",
      "height": 56,
      "justifyContent": "space-between",
      "opacity": 0.8,
      "paddingLeft": 24,
    }
  }
>
  <View
    style={
      Object {
        "alignItems": "center",
        "flexDirection": "row",
      }
    }
  >
    <Image
      source={
        Object {
          "uri": undefined,
        }
      }
      style={
        Object {
          "borderRadius": 100,
          "height": 22,
          "marginRight": 10,
          "width": 22,
        }
      }
    />
    <Text
      style={
        Array [
          Object {
            "color": "#04142F",
            "fontFamily": "Roboto-Regular",
            "fontSize": 16,
            "letterSpacing": 0.32,
            "lineHeight": 24,
          },
          Object {
            "color": "white",
            "opacity": 0.8,
          },
        ]
      }
    >
      All projects
    </Text>
  </View>
  <View
    style={
      Object {
        "paddingRight": 24,
      }
    }
  >
    <Text
      style={
        Array [
          Object {
            "color": "#04142F",
            "fontFamily": "Roboto-Regular",
            "fontSize": 16,
            "letterSpacing": 0.32,
            "lineHeight": 24,
          },
          Object {
            "color": "white",
            "opacity": 0.8,
          },
        ]
      }
    >
      
    </Text>
  </View>
</View>
`;
