// Jest Snapshot v1, https://goo.gl/fbAQLP

exports[`ProjectItem component ProjectItem snapshot test should render correctly 1`] = `
<View>
  <View
    accessible={true}
    focusable={true}
    isTVSelectable={true}
    onClick={[Function]}
    onResponderGrant={[Function]}
    onResponderMove={[Function]}
    onResponderRelease={[Function]}
    onResponderTerminate={[Function]}
    onResponderTerminationRequest={[Function]}
    onStartShouldSetResponder={[Function]}
    style={
      Object {
        "opacity": 1,
      }
    }
  >
    <View
      style={
        Object {
          "alignItems": "center",
          "backgroundColor": "#0A44A5",
          "flexDirection": "row",
          "height": 56,
          "justifyContent": "space-between",
          "paddingLeft": 24,
        }
      }
    >
      <View
        style={
          Object {
            "alignItems": "center",
            "flex": 1,
            "flexDirection": "row",
          }
        }
      >
        <View
          style={
            Array [
              Object {
                "borderRadius": 100,
                "height": 22,
                "marginRight": 10,
                "width": 22,
              },
              Object {
                "backgroundColor": "#39CCCC",
              },
            ]
          }
        />
        <Text
          numberOfLines={1}
          style={
            Array [
              Object {
                "color": "#04142F",
                "fontFamily": "Roboto-Regular",
                "fontSize": 16,
                "letterSpacing": 0.32,
                "lineHeight": 24,
              },
              Object {
                "color": "#C6CDD2",
              },
              Object {
                "marginRight": 10,
              },
            ]
          }
        >
          Another one
        </Text>
      </View>
      <View
        style={
          Object {
            "flexDirection": "row",
            "paddingLeft": 8,
            "paddingRight": 24,
          }
        }
      >
        <Text
          style={
            Array [
              Object {
                "color": "#04142F",
                "fontFamily": "Roboto-Medium",
                "fontSize": 14,
                "letterSpacing": 0.16,
                "lineHeight": 22,
              },
              Object {
                "color": "#8A94A6",
              },
              null,
            ]
          }
        >
          
        </Text>
      </View>
    </View>
  </View>
</View>
`;

exports[`ProjectItem component ProjectItem snapshot test should render correctly when it is highlighted 1`] = `
<View>
  <View
    accessible={true}
    focusable={true}
    isTVSelectable={true}
    onClick={[Function]}
    onResponderGrant={[Function]}
    onResponderMove={[Function]}
    onResponderRelease={[Function]}
    onResponderTerminate={[Function]}
    onResponderTerminationRequest={[Function]}
    onStartShouldSetResponder={[Function]}
    style={
      Object {
        "opacity": 1,
      }
    }
  >
    <View
      style={
        Object {
          "alignItems": "center",
          "backgroundColor": "#0A44A5",
          "flexDirection": "row",
          "height": 56,
          "justifyContent": "space-between",
          "paddingLeft": 24,
        }
      }
    >
      <View
        style={
          Object {
            "alignItems": "center",
            "flex": 1,
            "flexDirection": "row",
          }
        }
      >
        <View
          style={
            Array [
              Object {
                "borderRadius": 100,
                "height": 22,
                "marginRight": 10,
                "width": 22,
              },
              Object {
                "backgroundColor": "#39CCCC",
              },
            ]
          }
        />
        <Text
          numberOfLines={1}
          style={
            Array [
              Object {
                "color": "#04142F",
                "fontFamily": "Roboto-Regular",
                "fontSize": 16,
                "letterSpacing": 0.32,
                "lineHeight": 24,
              },
              Object {
                "color": "#C6CDD2",
              },
              Object {
                "marginRight": 10,
              },
            ]
          }
        >
          Another one
        </Text>
      </View>
      <View
        style={
          Object {
            "flexDirection": "row",
            "paddingLeft": 8,
            "paddingRight": 24,
          }
        }
      >
        <Text
          style={
            Array [
              Object {
                "color": "#04142F",
                "fontFamily": "Roboto-Medium",
                "fontSize": 14,
                "letterSpacing": 0.16,
                "lineHeight": 22,
              },
              Object {
                "color": "#8A94A6",
              },
              null,
            ]
          }
        >
          
        </Text>
      </View>
    </View>
  </View>
</View>
`;
